classDiagram

class List~Dictionary<String, Object>~
List~Dictionary<String, Object>~ : +Add(Dictionary~String, Object~ item) Void
List~Dictionary<String, Object>~ : +AddRange(IEnumerable~Dictionary<String, Object>~ collection) Void
List~Dictionary<String, Object>~ : -AddWithResize(Dictionary~String, Object~ item) Void
List~Dictionary<String, Object>~ : +AsReadOnly() ReadOnlyCollection~Dictionary<String, Object>~
List~Dictionary<String, Object>~ : +BinarySearch(Int32 index, Int32 count, Dictionary~String, Object~ item, IComparer~Dictionary<String, Object>~ comparer) Int32
List~Dictionary<String, Object>~ : +BinarySearch(Dictionary~String, Object~ item) Int32
List~Dictionary<String, Object>~ : +BinarySearch(Dictionary~String, Object~ item, IComparer~Dictionary<String, Object>~ comparer) Int32
List~Dictionary<String, Object>~ : +Clear() Void
List~Dictionary<String, Object>~ : +Contains(Dictionary~String, Object~ item) Boolean
List~Dictionary<String, Object>~ : +ConvertAll(Converter~Dictionary<String, Object>, TOutput~ converter) List~TOutput~
List~Dictionary<String, Object>~ : +CopyTo(Dictionary array) Void
List~Dictionary<String, Object>~ : +CopyTo(Int32 index, Dictionary array, Int32 arrayIndex, Int32 count) Void
List~Dictionary<String, Object>~ : +CopyTo(Dictionary array, Int32 arrayIndex) Void
List~Dictionary<String, Object>~ : +EnsureCapacity(Int32 capacity) Int32
List~Dictionary<String, Object>~ : +Exists(Predicate~Dictionary<String, Object>~ match) Boolean
List~Dictionary<String, Object>~ : +Find(Predicate~Dictionary<String, Object>~ match) Dictionary~String, Object~
List~Dictionary<String, Object>~ : +FindAll(Predicate~Dictionary<String, Object>~ match) List~Dictionary<String, Object>~
List~Dictionary<String, Object>~ : +FindIndex(Predicate~Dictionary<String, Object>~ match) Int32
List~Dictionary<String, Object>~ : +FindIndex(Int32 startIndex, Predicate~Dictionary<String, Object>~ match) Int32
List~Dictionary<String, Object>~ : +FindIndex(Int32 startIndex, Int32 count, Predicate~Dictionary<String, Object>~ match) Int32
List~Dictionary<String, Object>~ : +FindLast(Predicate~Dictionary<String, Object>~ match) Dictionary~String, Object~
List~Dictionary<String, Object>~ : +FindLastIndex(Predicate~Dictionary<String, Object>~ match) Int32
List~Dictionary<String, Object>~ : +FindLastIndex(Int32 startIndex, Predicate~Dictionary<String, Object>~ match) Int32
List~Dictionary<String, Object>~ : +FindLastIndex(Int32 startIndex, Int32 count, Predicate~Dictionary<String, Object>~ match) Int32
List~Dictionary<String, Object>~ : +ForEach(Action~Dictionary<String, Object>~ action) Void
List~Dictionary<String, Object>~ : +get_Capacity() Int32
List~Dictionary<String, Object>~ : +get_Count() Int32
List~Dictionary<String, Object>~ : +get_Item(Int32 index) Dictionary~String, Object~
List~Dictionary<String, Object>~ : +GetEnumerator() Enumerator~Dictionary<String, Object>~
List~Dictionary<String, Object>~ : +GetRange(Int32 index, Int32 count) List~Dictionary<String, Object>~
List~Dictionary<String, Object>~ : -Grow(Int32 capacity) Void
List~Dictionary<String, Object>~ : +IndexOf(Dictionary~String, Object~ item) Int32
List~Dictionary<String, Object>~ : +IndexOf(Dictionary~String, Object~ item, Int32 index) Int32
List~Dictionary<String, Object>~ : +IndexOf(Dictionary~String, Object~ item, Int32 index, Int32 count) Int32
List~Dictionary<String, Object>~ : +Insert(Int32 index, Dictionary~String, Object~ item) Void
List~Dictionary<String, Object>~ : +InsertRange(Int32 index, IEnumerable~Dictionary<String, Object>~ collection) Void
List~Dictionary<String, Object>~ : -IsCompatibleObject(Object value) Boolean$
List~Dictionary<String, Object>~ : +LastIndexOf(Dictionary~String, Object~ item) Int32
List~Dictionary<String, Object>~ : +LastIndexOf(Dictionary~String, Object~ item, Int32 index) Int32
List~Dictionary<String, Object>~ : +LastIndexOf(Dictionary~String, Object~ item, Int32 index, Int32 count) Int32
List~Dictionary<String, Object>~ : +Remove(Dictionary~String, Object~ item) Boolean
List~Dictionary<String, Object>~ : +RemoveAll(Predicate~Dictionary<String, Object>~ match) Int32
List~Dictionary<String, Object>~ : +RemoveAt(Int32 index) Void
List~Dictionary<String, Object>~ : +RemoveRange(Int32 index, Int32 count) Void
List~Dictionary<String, Object>~ : +Reverse() Void
List~Dictionary<String, Object>~ : +Reverse(Int32 index, Int32 count) Void
List~Dictionary<String, Object>~ : +set_Capacity(Int32 value) Void
List~Dictionary<String, Object>~ : +set_Item(Int32 index, Dictionary~String, Object~ value) Void
List~Dictionary<String, Object>~ : +Sort() Void
List~Dictionary<String, Object>~ : +Sort(IComparer~Dictionary<String, Object>~ comparer) Void
List~Dictionary<String, Object>~ : +Sort(Int32 index, Int32 count, IComparer~Dictionary<String, Object>~ comparer) Void
List~Dictionary<String, Object>~ : +Sort(Comparison~Dictionary<String, Object>~ comparison) Void
List~Dictionary<String, Object>~ : -System.Collections.Generic.ICollection<T>.get_IsReadOnly() Boolean
List~Dictionary<String, Object>~ : -System.Collections.Generic.IEnumerable<T>.GetEnumerator() IEnumerator~Dictionary<String, Object>~
List~Dictionary<String, Object>~ : -System.Collections.ICollection.CopyTo(Array array, Int32 arrayIndex) Void
List~Dictionary<String, Object>~ : -System.Collections.ICollection.get_IsSynchronized() Boolean
List~Dictionary<String, Object>~ : -System.Collections.ICollection.get_SyncRoot() Object
List~Dictionary<String, Object>~ : -System.Collections.IEnumerable.GetEnumerator() IEnumerator
List~Dictionary<String, Object>~ : -System.Collections.IList.Add(Object item) Int32
List~Dictionary<String, Object>~ : -System.Collections.IList.Contains(Object item) Boolean
List~Dictionary<String, Object>~ : -System.Collections.IList.get_IsFixedSize() Boolean
List~Dictionary<String, Object>~ : -System.Collections.IList.get_IsReadOnly() Boolean
List~Dictionary<String, Object>~ : -System.Collections.IList.get_Item(Int32 index) Object
List~Dictionary<String, Object>~ : -System.Collections.IList.IndexOf(Object item) Int32
List~Dictionary<String, Object>~ : -System.Collections.IList.Insert(Int32 index, Object item) Void
List~Dictionary<String, Object>~ : -System.Collections.IList.Remove(Object item) Void
List~Dictionary<String, Object>~ : -System.Collections.IList.set_Item(Int32 index, Object value) Void
List~Dictionary<String, Object>~ : +ToArray() Dictionary
List~Dictionary<String, Object>~ : +TrimExcess() Void
List~Dictionary<String, Object>~ : +TrueForAll(Predicate~Dictionary<String, Object>~ match) Boolean


