<div style="background-color:white;">
<script type="text/javascript">

let loadMermaid_00000000000000000000000000000000 = () => {

        configureRequireFromExtension('Mermaid','1.0.0')(['Mermaid/mermaidapi'], (mermaid) => {

            let renderTarget = document.getElementById('00000000000000000000000000000000');
            mermaid.render( 
                'mermaid_00000000000000000000000000000000', 
                `graph TD
    A[Client] --> B[Load Balancer]
    B --> C[Server1]
    B --> D[Server2]
`, 
                g => {
                    renderTarget.innerHTML = g 
                });
        },
        (error) => {
            console.log(error);
        });
}
// ensure `require` is available globally
if ((typeof(require) !==  typeof(Function)) || (typeof(require.config) !== typeof(Function))) {
    let require_script = document.createElement('script');
    require_script.setAttribute('src', 'https://cdnjs.cloudflare.com/ajax/libs/require.js/2.3.6/require.min.js');
    require_script.setAttribute('type', 'text/javascript');
    
    
    require_script.onload = function() {
        loadMermaid_00000000000000000000000000000000();
    };

    document.getElementsByTagName('head')[0].appendChild(require_script);
}
else {
    loadMermaid_00000000000000000000000000000000();
}

</script>
<div id="00000000000000000000000000000000"></div>
</div>
