classDiagram

class CompositeKernel
CompositeKernel : -<>n__0(KernelCommand command, KernelInvocationContext context) Task
CompositeKernel : <GetDirectiveParsersForCompletion>g__IsDirectiveDefinedIn|23_0(Parser parser, <>c__DisplayClass23_0& ) Boolean$
CompositeKernel : -<ListenForPackagesToScanForExtensions>b__7_2(PackageAdded added) Void
CompositeKernel : +Add(Kernel kernel, IReadOnlyCollection~String~ aliases) Void
CompositeKernel : -AddChooseKernelDirective(Kernel kernel, IEnumerable~String~ aliases) Void
CompositeKernel : +AddKernelConnection(ConnectKernelCommand~TOptions~ connectionCommand) Void
CompositeKernel : +get_ChildKernels() IReadOnlyList~Kernel~
CompositeKernel : +get_DefaultKernelName() String
CompositeKernel : GetDirectiveParsersForCompletion(DirectiveNode directiveNode, Int32 requestPosition) IEnumerable~Parser~
CompositeKernel : +GetEnumerator() IEnumerator~Kernel~
CompositeKernel : -GetHandlingKernel(KernelCommand command, KernelInvocationContext context) Kernel
CompositeKernel : GetHandlingKernelUri(KernelCommand command) KernelUri
CompositeKernel : +HandleAsync(ParseNotebook command, KernelInvocationContext context) Task
CompositeKernel : +HandleAsync(SerializeNotebook command, KernelInvocationContext context) Task
CompositeKernel : HandleAsync(KernelCommand command, KernelInvocationContext context) Task
CompositeKernel : -ListenForPackagesToScanForExtensions() Void
CompositeKernel : -LoadExtensions(KernelCommand command, KernelInvocationContext context, KernelPipelineContinuation next) Task
CompositeKernel : +LoadExtensionsFromDirectoryAsync(DirectoryInfo directory, KernelInvocationContext context) Task
CompositeKernel : +ParseNotebook(String fileName, Byte[] rawData) NotebookDocument
CompositeKernel : +set_DefaultKernelName(String value) Void
CompositeKernel : SetHandlingKernel(KernelCommand command, KernelInvocationContext context) Void
CompositeKernel : -System.Collections.IEnumerable.GetEnumerator() IEnumerator


