<div style="background-color:white;">
<div id="00000000000000000000000000000000" style="height: 100ch ;margin: 2px;">
</div>
<script type="text/javascript">

renderSandDanceExplorer_00000000000000000000000000000000 = () => {

    (require.config({ 'paths': { 'context': '1.0.252001', 'sandDanceUri' : 'https://colombod.github.io/dotnet-interactive-cdn/extensionlab/1.0.252001/SandDance/sanddanceapi', 'urlArgs': 'cacheBuster=00000000000000000000000000000000' }}) || require)(['sandDanceUri'], (sandDance) => {

        sandDance.createSandDanceExplorer({
            data: {
  "profile": "tabular-data-resource",
  "schema": {
    "primaryKey": [],
    "fields": [
      {
        "name": "Type",
        "type": "string"
      },
      {
        "name": "Price",
        "type": "number"
      }
    ]
  },
  "data": [
    {
      "Type": "orange",
      "Price": 1.2
    },
    {
      "Type": "apple",
      "Price": 1.3
    },
    {
      "Type": "grape",
      "Price": 1.4
    }
  ]
},
            id: "00000000000000000000000000000000",
            container: document.getElementById("00000000000000000000000000000000")
        });
    },
    (error) => {
        console.log(error);
    });
};
// ensure `require` is available globally
if ((typeof(require) !==  typeof(Function)) || (typeof(require.config) !== typeof(Function))) {
    let require_script = document.createElement('script');
    require_script.setAttribute('src', 'https://cdnjs.cloudflare.com/ajax/libs/require.js/2.3.6/require.min.js');
    require_script.setAttribute('type', 'text/javascript');
    
    
    require_script.onload = function() {
        renderSandDanceExplorer_00000000000000000000000000000000();
    };

    document.getElementsByTagName('head')[0].appendChild(require_script);
}
else {
    renderSandDanceExplorer_00000000000000000000000000000000();
}

 </script>
</div>
