<div style="background-color:white;">
<div id="00000000000000000000000000000000" style="height: 100ch ;margin: 2px;">
</div>
<script type="text/javascript">

renderNteractDataExplorer_00000000000000000000000000000000 = () => {

    (require.config({ 'paths': { 'context': '1.0.252001', 'nteractUri' : 'https://colombod.github.io/dotnet-interactive-cdn/extensionlab/1.0.252001/nteract/nteractapi', 'urlArgs': 'cacheBuster=00000000000000000000000000000000' }}) || require)(['nteractUri'], (nteract) => {

        nteract.createDataExplorer({
            data: {
  "profile": "tabular-data-resource",
  "schema": {
    "primaryKey": [],
    "fields": [
      {
        "name": "Apples",
        "type": "integer"
      },
      {
        "name": "Bananas",
        "type": "integer"
      },
      {
        "name": "Apples (2)",
        "type": "integer"
      },
      {
        "name": "BANANAS",
        "type": "integer"
      },
      {
        "name": "Apples (3)",
        "type": "integer"
      },
      {
        "name": "BaNaNaS",
        "type": "integer"
      }
    ]
  },
  "data": [
    {
      "Apples": 1,
      "Bananas": 2,
      "Apples (2)": 3,
      "BANANAS": 4,
      "Apples (3)": 5,
      "BaNaNaS": 6
    }
  ]
},
            container: document.getElementById("00000000000000000000000000000000")
        });
    },
    (error) => {
        console.log(error);
    });
};
// ensure `require` is available globally
if ((typeof(require) !==  typeof(Function)) || (typeof(require.config) !== typeof(Function))) {
    let require_script = document.createElement('script');
    require_script.setAttribute('src', 'https://cdnjs.cloudflare.com/ajax/libs/require.js/2.3.6/require.min.js');
    require_script.setAttribute('type', 'text/javascript');
    
    
    require_script.onload = function() {
        renderNteractDataExplorer_00000000000000000000000000000000();
    };

    document.getElementsByTagName('head')[0].appendChild(require_script);
}
else {
    renderNteractDataExplorer_00000000000000000000000000000000();
}

 </script>
</div>
