{"contents":{"kind":"markdown","value":"content"},"range":{"start":{"line":1,"character":2},"end":{"line":3,"character":4}}}