{"contents":{"kind":"markdown","value":"content"}}