{"textDocument":{"uri":"document-uri"},"position":{"line":1,"character":2}}