<table><thead><tr><td><span>Apples</span></td><td><span>Bananas</span></td><td><span>Apples (2)</span></td><td><span>BANANAS</span></td><td><span>Apples (3)</span></td><td><span>BaNaNaS</span></td></tr></thead><tbody><tr><td><div class="dni-plaintext">1</div></td><td><div class="dni-plaintext">2</div></td><td><div class="dni-plaintext">3</div></td><td><div class="dni-plaintext">4</div></td><td><div class="dni-plaintext">5</div></td><td><div class="dni-plaintext">6</div></td></tr></tbody></table>