<table><thead><tr><td><span>id</span></td><td><span>name</span></td><td><span>color</span></td><td><span>deliciousness</span></td></tr></thead><tbody><tr><td><div class="dni-plaintext">1</div></td><td>apple</td><td>green</td><td><div class="dni-plaintext">10</div></td></tr><tr><td><div class="dni-plaintext">2</div></td><td>banana</td><td>red</td><td><div class="dni-plaintext">11</div></td></tr><tr><td><div class="dni-plaintext">3</div></td><td>cherry</td><td>red</td><td><div class="dni-plaintext">9000</div></td></tr></tbody></table>