{
 "cells": [
  {
   "cell_type": "code",
   "execution_count": 1,
   "metadata": {
    "dotnet_interactive": {
     "language": "csharp"
    },
    "vscode": {
     "languageId": "dotnet-interactive.csharp"
    }
   },
   "outputs": [
    {
     "data": {
      "text/html": [
       "\r\n",
       "<div>\r\n",
       "    <div id='dotnet-interactive-this-cell-73328.Microsoft.DotNet.Interactive.Http.HttpPort' style='display: none'>\r\n",
       "        The below script needs to be able to find the current output cell; this is an easy method to get it.\r\n",
       "    </div>\r\n",
       "    <script type='text/javascript'>\r\n",
       "async function probeAddresses(probingAddresses) {\r\n",
       "    function timeout(ms, promise) {\r\n",
       "        return new Promise(function (resolve, reject) {\r\n",
       "            setTimeout(function () {\r\n",
       "                reject(new Error('timeout'))\r\n",
       "            }, ms)\r\n",
       "            promise.then(resolve, reject)\r\n",
       "        })\r\n",
       "    }\r\n",
       "\r\n",
       "    if (Array.isArray(probingAddresses)) {\r\n",
       "        for (let i = 0; i < probingAddresses.length; i++) {\r\n",
       "\r\n",
       "            let rootUrl = probingAddresses[i];\r\n",
       "\r\n",
       "            if (!rootUrl.endsWith('/')) {\r\n",
       "                rootUrl = `${rootUrl}/`;\r\n",
       "            }\r\n",
       "\r\n",
       "            try {\r\n",
       "                let response = await timeout(1000, fetch(`${rootUrl}discovery`, {\r\n",
       "                    method: 'POST',\r\n",
       "                    cache: 'no-cache',\r\n",
       "                    mode: 'cors',\r\n",
       "                    timeout: 1000,\r\n",
       "                    headers: {\r\n",
       "                        'Content-Type': 'text/plain'\r\n",
       "                    },\r\n",
       "                    body: probingAddresses[i]\r\n",
       "                }));\r\n",
       "\r\n",
       "                if (response.status == 200) {\r\n",
       "                    return rootUrl;\r\n",
       "                }\r\n",
       "            }\r\n",
       "            catch (e) { }\r\n",
       "        }\r\n",
       "    }\r\n",
       "}\r\n",
       "\r\n",
       "function loadDotnetInteractiveApi() {\r\n",
       "    probeAddresses([\"http://192.168.1.16:1001/\", \"http://100.64.233.241:1001/\", \"http://172.30.32.1:1001/\", \"http://172.20.112.1:1001/\", \"http://172.18.144.1:1001/\", \"http://172.24.64.1:1001/\", \"http://127.0.0.1:1001/\"])\r\n",
       "        .then((root) => {\r\n",
       "        // use probing to find host url and api resources\r\n",
       "        // load interactive helpers and language services\r\n",
       "        let dotnetInteractiveRequire = require.config({\r\n",
       "        context: '73328.Microsoft.DotNet.Interactive.Http.HttpPort',\r\n",
       "                paths:\r\n",
       "            {\r\n",
       "                'dotnet-interactive': `${root}resources`\r\n",
       "                }\r\n",
       "        }) || require;\r\n",
       "\r\n",
       "            window.dotnetInteractiveRequire = dotnetInteractiveRequire;\r\n",
       "\r\n",
       "            window.configureRequireFromExtension = function(extensionName, extensionCacheBuster) {\r\n",
       "                let paths = {};\r\n",
       "                paths[extensionName] = `${root}extensions/${extensionName}/resources/`;\r\n",
       "                \r\n",
       "                let internalRequire = require.config({\r\n",
       "                    context: extensionCacheBuster,\r\n",
       "                    paths: paths,\r\n",
       "                    urlArgs: `cacheBuster=${extensionCacheBuster}`\r\n",
       "                    }) || require;\r\n",
       "\r\n",
       "                return internalRequire\r\n",
       "            };\r\n",
       "        \r\n",
       "            dotnetInteractiveRequire([\r\n",
       "                    'dotnet-interactive/dotnet-interactive'\r\n",
       "                ],\r\n",
       "                function (dotnet) {\r\n",
       "                    dotnet.init(window);\r\n",
       "                },\r\n",
       "                function (error) {\r\n",
       "                    console.log(error);\r\n",
       "                }\r\n",
       "            );\r\n",
       "        })\r\n",
       "        .catch(error => {console.log(error);});\r\n",
       "    }\r\n",
       "\r\n",
       "// ensure `require` is available globally\r\n",
       "if ((typeof(require) !==  typeof(Function)) || (typeof(require.config) !== typeof(Function))) {\r\n",
       "    let require_script = document.createElement('script');\r\n",
       "    require_script.setAttribute('src', 'https://cdnjs.cloudflare.com/ajax/libs/require.js/2.3.6/require.min.js');\r\n",
       "    require_script.setAttribute('type', 'text/javascript');\r\n",
       "    \r\n",
       "    \r\n",
       "    require_script.onload = function() {\r\n",
       "        loadDotnetInteractiveApi();\r\n",
       "    };\r\n",
       "\r\n",
       "    document.getElementsByTagName('head')[0].appendChild(require_script);\r\n",
       "}\r\n",
       "else {\r\n",
       "    loadDotnetInteractiveApi();\r\n",
       "}\r\n",
       "\r\n",
       "    </script>\r\n",
       "</div>"
      ]
     },
     "metadata": {},
     "output_type": "display_data"
    },
    {
     "name": "stdout",
     "output_type": "stream",
     "text": [
      "output\n"
     ]
    }
   ],
   "source": [
    "Console.Out.WriteLine(\"output\");"
   ]
  },
  {
   "cell_type": "code",
   "execution_count": 2,
   "metadata": {
    "dotnet_interactive": {
     "language": "csharp"
    },
    "vscode": {
     "languageId": "dotnet-interactive.csharp"
    }
   },
   "outputs": [
    {
     "name": "stderr",
     "output_type": "stream",
     "text": [
      "error\n"
     ]
    }
   ],
   "source": [
    "Console.Error.WriteLine(\"error\");"
   ]
  },
  {
   "cell_type": "code",
   "execution_count": 3,
   "metadata": {
    "dotnet_interactive": {
     "language": "csharp"
    },
    "vscode": {
     "languageId": "dotnet-interactive.csharp"
    }
   },
   "outputs": [
    {
     "ename": "Unhandled exception",
     "evalue": "System.Exception: oops!\r\n   at Submission#5.<<Initialize>>d__0.MoveNext()\r\n--- End of stack trace from previous location ---\r\n   at Microsoft.CodeAnalysis.Scripting.ScriptExecutionState.RunSubmissionsAsync[TResult](ImmutableArray`1 precedingExecutors, Func`2 currentExecutor, StrongBox`1 exceptionHolderOpt, Func`2 catchExceptionOpt, CancellationToken cancellationToken)",
     "output_type": "error",
     "traceback": [
      "System.Exception: oops!\r\n   at Submission#5.<<Initialize>>d__0.MoveNext()\r\n--- End of stack trace from previous location ---\r\n   at Microsoft.CodeAnalysis.Scripting.ScriptExecutionState.RunSubmissionsAsync[TResult](ImmutableArray`1 precedingExecutors, Func`2 currentExecutor, StrongBox`1 exceptionHolderOpt, Func`2 catchExceptionOpt, CancellationToken cancellationToken)",
      "   at Submission#5.<<Initialize>>d__0.MoveNext()",
      "--- End of stack trace from previous location ---",
      "   at Microsoft.CodeAnalysis.Scripting.ScriptExecutionState.RunSubmissionsAsync[TResult](ImmutableArray`1 precedingExecutors, Func`2 currentExecutor, StrongBox`1 exceptionHolderOpt, Func`2 catchExceptionOpt, CancellationToken cancellationToken)"
     ]
    }
   ],
   "source": [
    "throw new Exception(\"oops!\");"
   ]
  },
  {
   "cell_type": "code",
   "execution_count": 4,
   "metadata": {
    "dotnet_interactive": {
     "language": "csharp"
    },
    "vscode": {
     "languageId": "dotnet-interactive.csharp"
    }
   },
   "outputs": [
    {
     "data": {
      "text/plain": [
       "A return value"
      ]
     },
     "execution_count": 4,
     "metadata": {},
     "output_type": "execute_result"
    }
   ],
   "source": [
    "\"A return value\""
   ]
  },
  {
   "cell_type": "code",
   "execution_count": 5,
   "metadata": {
    "dotnet_interactive": {
     "language": "csharp"
    },
    "vscode": {
     "languageId": "dotnet-interactive.csharp"
    }
   },
   "outputs": [
    {
     "data": {
      "text/html": [
       "<div class=\"dni-plaintext\">An HTML display value</div>"
      ]
     },
     "metadata": {},
     "output_type": "display_data"
    }
   ],
   "source": [
    "\"An HTML display value\".Display(\"text/html\");"
   ]
  },
  {
   "cell_type": "code",
   "execution_count": 6,
   "metadata": {
    "dotnet_interactive": {
     "language": "csharp"
    },
    "vscode": {
     "languageId": "dotnet-interactive.csharp"
    }
   },
   "outputs": [
    {
     "data": {
      "text/plain": [
       "A plaintext display value"
      ]
     },
     "metadata": {},
     "output_type": "display_data"
    }
   ],
   "source": [
    "\"A plaintext display value\".Display(\"text/plain\");"
   ]
  },
  {
   "cell_type": "code",
   "execution_count": 7,
   "metadata": {
    "dotnet_interactive": {
     "language": "csharp"
    },
    "vscode": {
     "languageId": "dotnet-interactive.csharp"
    }
   },
   "outputs": [
    {
     "data": {
      "text/plain": [
       "A plaintext display value (in a multi-output cell)"
      ]
     },
     "metadata": {},
     "output_type": "display_data"
    },
    {
     "data": {
      "text/html": [
       "<div class=\"dni-plaintext\">An HTML display value (in a multi-output cell)</div>"
      ]
     },
     "metadata": {},
     "output_type": "display_data"
    }
   ],
   "source": [
    "\"A plaintext display value (in a multi-output cell)\".Display(\"text/plain\");\n",
    "\"An HTML display value (in a multi-output cell)\".Display(\"text/html\");"
   ]
  }
 ],
 "metadata": {
  "kernelspec": {
   "display_name": ".NET (C#)",
   "language": "C#",
   "name": ".net-csharp"
  },
  "language_info": {
   "file_extension": ".cs",
   "mimetype": "text/x-csharp",
   "name": "C#",
   "pygments_lexer": "csharp",
   "version": "10.0"
  }
 },
 "nbformat": 4,
 "nbformat_minor": 4
}
