{
 "cells": [
  {
   "cell_type": "code",
   "execution_count": 1,
   "metadata": {
    "dotnet_interactive": {
     "language": "csharp"
    }
   },
   "outputs": [
    {
     "data": {
      "text/html": [
       "<div>this is html</div>"
      ]
     },
     "output_type": "display_data"
    }
   ],
   "source": [
    "// this is csharp"
   ]
  },
  {
   "cell_type": "markdown",
   "metadata": {},
   "source": [
    "This is `markdown`."
   ]
  }
 ],
 "metadata": {
  "kernelspec": {
   "display_name": ".NET (C#)",
   "language": "C#",
   "name": ".net-csharp"
  },
  "language_info": {
   "file_extension": ".cs",
   "mimetype": "text/x-csharp",
   "name": "C#",
   "pygments_lexer": "csharp",
   "version": "8.0"
  }
 },
 "nbformat": 4,
 "nbformat_minor": 4
}