{"type":"parse","id":"the-id","serializationType":"dib","defaultLanguage":"csharp","rawData":"AQID"}