{"type":"serialize","newLine":"\r\n","document":{"elements":[{"kernelName":"csharp","contents":"var x = 1;","outputs":[],"executionOrder":0},{"kernelName":"fsharp","contents":"let y = 2","outputs":[],"executionOrder":0}],"metadata":{}},"id":"the-id","serializationType":"dib","defaultLanguage":"csharp"}