{"errorMessage":"some error message","id":"the-id"}