{"document":{"elements":[{"kernelName":"csharp","contents":"var x = 1;","outputs":[],"executionOrder":0}],"metadata":{"some-metadata-value":123}},"id":"the-id"}