{
  "profile": "tabular-data-resource",
  "schema": {
    "primaryKey": [],
    "fields": [
      {
        "type": "string",
        "name": "Key"
      },
      {
        "type": "integer",
        "name": "Value"
      }
    ]
  },
  "data": [
    {
      "Key": "one",
      "Value": 1
    },
    {
      "Key": "two",
      "Value": 2
    }
  ]
}