{
  "schema": {
    "primaryKey": [],
    "fields": [
      {
        "name": "id",
        "type": "integer"
      },
      {
        "name": "name",
        "type": "string"
      },
      {
        "name": "color",
        "type": "string"
      },
      {
        "name": "deliciousness",
        "type": "integer"
      }
    ]
  },
  "data": [
    {
      "id": 1,
      "name": "apple",
      "color": "green",
      "deliciousness": 10
    },
    {
      "id": 2,
      "name": "banana",
      "color": "yellow",
      "deliciousness": 11
    },
    {
      "id": 3,
      "name": "cherry",
      "color": "red",
      "deliciousness": 9000
    }
  ]
}