{
  "profile": "tabular-data-resource",
  "schema": {
    "primaryKey": [],
    "fields": [
      {
        "type": "string",
        "name": "Name"
      },
      {
        "type": "boolean",
        "name": "IsValid"
      },
      {
        "type": "number",
        "name": "Cost"
      }
    ]
  },
  "data": [
    {
      "Name": "Q",
      "IsValid": false,
      "Cost": "NaN"
    },
    {
      "Name": "U",
      "IsValid": false,
      "Cost": 5
    },
    {
      "Name": "E",
      "IsValid": true,
      "Cost": "-Infinity"
    },
    {
      "Name": "S",
      "IsValid": false,
      "Cost": 10
    },
    {
      "Name": "T",
      "IsValid": false,
      "Cost": "Infinity"
    }
  ]
}