data: <IDS|MSG> more: True
data: 87f9010adc05efbedfd598afee91d6efcaa2797666e15ca5b366b1e9221eefeb more: True
data: {"msg_id":"00000000-0000-0000-0000-000000000000","username":"dotnet_kernel","session":"test session","date":"0001-01-01T00:00:00Z","msg_type":"update_display_data","version":"5.3"} more: True
data: {} more: True
data: {} more: True
data: {"data":{"text/html":"some result","text/plain":"some result"},"metadata":{},"transient":{"display_id":"none"}} more: False
