data: <IDS|MSG> more: True
data: 0b5c4e3b755058397070ce1da4d90076f1f7a528b31fdb17f54a2f1a72cd7cb0 more: True
data: {"msg_id":"00000000-0000-0000-0000-000000000000","username":"dotnet_kernel","session":"test session","date":"0001-01-01T00:00:00Z","msg_type":"display_data","version":"5.3"} more: True
data: {} more: True
data: {} more: True
data: {"data":{"text/html":"some result","text/plain":"some result"},"metadata":{},"transient":{"display_id":"none"}} more: False
