data: <IDS|MSG> more: True
data: fb425505d9bb2c7a3a40095212bf079165dd48a2f231c2938b418742e1f93c60 more: True
data: {"msg_id":"00000000-0000-0000-0000-000000000000","username":"dotnet_kernel","session":"test session","date":"0001-01-01T00:00:00Z","msg_type":"execute_result","version":"5.3"} more: True
data: {} more: True
data: {"dotnet_interactive":{"kernelName":null,"language":"fsharp"}} more: True
data: {"data":{"text/html":"some result","text/plain":"some result"},"metadata":{},"transient":{"display_id":"none"},"execution_count":12} more: False
