data: <IDS|MSG> more: True
data: 24cce1edd8ea947d605d13cd24bbf8d394efa8817dbd41abef7d1ec12e2cb0f9 more: True
data: {"msg_id":"00000000-0000-0000-0000-000000000000","username":"dotnet_kernel","session":"test session","date":"0001-01-01T00:00:00Z","msg_type":"complete_reply","version":"5.3"} more: True
data: {} more: True
data: {} more: True
data: {"matches":["Write","WriteLine"],"cursor_start":0,"cursor_end":0,"metadata":{},"status":"ok"} more: False
